
> auto-doc@1.0.0 build
> next build

▲ Next.js 16.1.6 (Turbopack)
- Environments: .env.local, .env

  Creating an optimized production build ...
✓ Compiled successfully in 10.0s
  Running TypeScript ...
  Collecting page data using 11 workers ...
  Generating static pages using 11 workers (0/13) ...
  Generating static pages using 11 workers (3/13) 
  Generating static pages using 11 workers (6/13) 
  Generating static pages using 11 workers (9/13) 
✓ Generating static pages using 11 workers (13/13) in 692.0ms
  Finalizing page optimization ...

Route (app)
┌ ○ /
├ ○ /_not-found
├ ○ /admin/auth
├ ○ /admin/doc-gen
├ ƒ /api/auth/[...nextauth]
├ ƒ /api/doc-gen
├ ƒ /api/doc-gen/[id]
├ ƒ /api/doc-gen/contexts
├ ƒ /api/doc-gen/fetch-resource
├ ƒ /api/doc-gen/fetch-source
├ ƒ /api/doc-gen/generate-pdf
├ ƒ /api/doc-gen/plan
├ ƒ /api/doc-gen/sources
├ ƒ /api/doc-gen/stream
└ ○ /doc-gen


ƒ Proxy (Middleware)

○  (Static)   prerendered as static content
ƒ  (Dynamic)  server-rendered on demand

